Archive member included to satisfy reference by file (symbol)

C:/ST/STM32CubeIDE_1.15.0/STM32CubeIDE/plugins/com.st.stm32cube.ide.mcu.externaltools.gnu-tools-for-stm32.12.3.rel1.win32_1.0.100.202403111256/tools/bin/../lib/gcc/arm-none-eabi/12.3.1/../../../../arm-none-eabi/lib/thumb/v7e-m/nofp\libc_nano.a(libc_a-exit.o)
                              C:/ST/STM32CubeIDE_1.15.0/STM32CubeIDE/plugins/com.st.stm32cube.ide.mcu.externaltools.gnu-tools-for-stm32.12.3.rel1.win32_1.0.100.202403111256/tools/bin/../lib/gcc/arm-none-eabi/12.3.1/../../../../arm-none-eabi/lib/thumb/v7e-m/nofp/crt0.o (exit)
C:/ST/STM32CubeIDE_1.15.0/STM32CubeIDE/plugins/com.st.stm32cube.ide.mcu.externaltools.gnu-tools-for-stm32.12.3.rel1.win32_1.0.100.202403111256/tools/bin/../lib/gcc/arm-none-eabi/12.3.1/../../../../arm-none-eabi/lib/thumb/v7e-m/nofp\libc_nano.a(libc_a-findfp.o)
                              C:/ST/STM32CubeIDE_1.15.0/STM32CubeIDE/plugins/com.st.stm32cube.ide.mcu.externaltools.gnu-tools-for-stm32.12.3.rel1.win32_1.0.100.202403111256/tools/bin/../lib/gcc/arm-none-eabi/12.3.1/../../../../arm-none-eabi/lib/thumb/v7e-m/nofp\libc_nano.a(libc_a-exit.o) (__stdio_exit_handler)
C:/ST/STM32CubeIDE_1.15.0/STM32CubeIDE/plugins/com.st.stm32cube.ide.mcu.externaltools.gnu-tools-for-stm32.12.3.rel1.win32_1.0.100.202403111256/tools/bin/../lib/gcc/arm-none-eabi/12.3.1/../../../../arm-none-eabi/lib/thumb/v7e-m/nofp\libc_nano.a(libc_a-fwalk.o)
                              C:/ST/STM32CubeIDE_1.15.0/STM32CubeIDE/plugins/com.st.stm32cube.ide.mcu.externaltools.gnu-tools-for-stm32.12.3.rel1.win32_1.0.100.202403111256/tools/bin/../lib/gcc/arm-none-eabi/12.3.1/../../../../arm-none-eabi/lib/thumb/v7e-m/nofp\libc_nano.a(libc_a-findfp.o) (_fwalk_sglue)
C:/ST/STM32CubeIDE_1.15.0/STM32CubeIDE/plugins/com.st.stm32cube.ide.mcu.externaltools.gnu-tools-for-stm32.12.3.rel1.win32_1.0.100.202403111256/tools/bin/../lib/gcc/arm-none-eabi/12.3.1/../../../../arm-none-eabi/lib/thumb/v7e-m/nofp\libc_nano.a(libc_a-stdio.o)
                              C:/ST/STM32CubeIDE_1.15.0/STM32CubeIDE/plugins/com.st.stm32cube.ide.mcu.externaltools.gnu-tools-for-stm32.12.3.rel1.win32_1.0.100.202403111256/tools/bin/../lib/gcc/arm-none-eabi/12.3.1/../../../../arm-none-eabi/lib/thumb/v7e-m/nofp\libc_nano.a(libc_a-findfp.o) (__sread)
C:/ST/STM32CubeIDE_1.15.0/STM32CubeIDE/plugins/com.st.stm32cube.ide.mcu.externaltools.gnu-tools-for-stm32.12.3.rel1.win32_1.0.100.202403111256/tools/bin/../lib/gcc/arm-none-eabi/12.3.1/../../../../arm-none-eabi/lib/thumb/v7e-m/nofp\libc_nano.a(libc_a-memset.o)
                              C:/ST/STM32CubeIDE_1.15.0/STM32CubeIDE/plugins/com.st.stm32cube.ide.mcu.externaltools.gnu-tools-for-stm32.12.3.rel1.win32_1.0.100.202403111256/tools/bin/../lib/gcc/arm-none-eabi/12.3.1/../../../../arm-none-eabi/lib/thumb/v7e-m/nofp/crt0.o (memset)
C:/ST/STM32CubeIDE_1.15.0/STM32CubeIDE/plugins/com.st.stm32cube.ide.mcu.externaltools.gnu-tools-for-stm32.12.3.rel1.win32_1.0.100.202403111256/tools/bin/../lib/gcc/arm-none-eabi/12.3.1/../../../../arm-none-eabi/lib/thumb/v7e-m/nofp\libc_nano.a(libc_a-closer.o)
                              C:/ST/STM32CubeIDE_1.15.0/STM32CubeIDE/plugins/com.st.stm32cube.ide.mcu.externaltools.gnu-tools-for-stm32.12.3.rel1.win32_1.0.100.202403111256/tools/bin/../lib/gcc/arm-none-eabi/12.3.1/../../../../arm-none-eabi/lib/thumb/v7e-m/nofp\libc_nano.a(libc_a-stdio.o) (_close_r)
C:/ST/STM32CubeIDE_1.15.0/STM32CubeIDE/plugins/com.st.stm32cube.ide.mcu.externaltools.gnu-tools-for-stm32.12.3.rel1.win32_1.0.100.202403111256/tools/bin/../lib/gcc/arm-none-eabi/12.3.1/../../../../arm-none-eabi/lib/thumb/v7e-m/nofp\libc_nano.a(libc_a-reent.o)
                              C:/ST/STM32CubeIDE_1.15.0/STM32CubeIDE/plugins/com.st.stm32cube.ide.mcu.externaltools.gnu-tools-for-stm32.12.3.rel1.win32_1.0.100.202403111256/tools/bin/../lib/gcc/arm-none-eabi/12.3.1/../../../../arm-none-eabi/lib/thumb/v7e-m/nofp\libc_nano.a(libc_a-closer.o) (errno)
C:/ST/STM32CubeIDE_1.15.0/STM32CubeIDE/plugins/com.st.stm32cube.ide.mcu.externaltools.gnu-tools-for-stm32.12.3.rel1.win32_1.0.100.202403111256/tools/bin/../lib/gcc/arm-none-eabi/12.3.1/../../../../arm-none-eabi/lib/thumb/v7e-m/nofp\libc_nano.a(libc_a-impure.o)
                              C:/ST/STM32CubeIDE_1.15.0/STM32CubeIDE/plugins/com.st.stm32cube.ide.mcu.externaltools.gnu-tools-for-stm32.12.3.rel1.win32_1.0.100.202403111256/tools/bin/../lib/gcc/arm-none-eabi/12.3.1/../../../../arm-none-eabi/lib/thumb/v7e-m/nofp\libc_nano.a(libc_a-reent.o) (_impure_ptr)
C:/ST/STM32CubeIDE_1.15.0/STM32CubeIDE/plugins/com.st.stm32cube.ide.mcu.externaltools.gnu-tools-for-stm32.12.3.rel1.win32_1.0.100.202403111256/tools/bin/../lib/gcc/arm-none-eabi/12.3.1/../../../../arm-none-eabi/lib/thumb/v7e-m/nofp\libc_nano.a(libc_a-lseekr.o)
[...]
Memory Configuration

Name             Origin             Length             Attributes
CCMRAM           0x10000000         0x00010000         xrw
RAM              0x20000000         0x00020000         xrw
FLASH            0x08000000         0x00100000         xr
*default*        0x00000000         0xffffffff

Linker script and memory map

LOAD C:/ST/STM32CubeIDE_1.15.0/STM32CubeIDE/plugins/com.st.stm32cube.ide.mcu.externaltools.gnu-tools-for-stm32.12.3.rel1.win32_1.0.100.202403111256/tools/bin/../lib/gcc/arm-none-eabi/12.3.1/thumb/v7e-m/nofp/crti.o
LOAD C:/ST/STM32CubeIDE_1.15.0/STM32CubeIDE/plugins/com.st.stm32cube.ide.mcu.externaltools.gnu-tools-for-stm32.12.3.rel1.win32_1.0.100.202403111256/tools/bin/../lib/gcc/arm-none-eabi/12.3.1/thumb/v7e-m/nofp/crtbegin.o
LOAD C:/ST/STM32CubeIDE_1.15.0/STM32CubeIDE/plugins/com.st.stm32cube.ide.mcu.externaltools.gnu-tools-for-stm32.12.3.rel1.win32_1.0.100.202403111256/tools/bin/../lib/gcc/arm-none-eabi/12.3.1/../../../../arm-none-eabi/lib/thumb/v7e-m/nofp/crt0.o
LOAD ./Src/016uart_case.o
LOAD ./Src/syscalls.o
LOAD ./Src/sysmem.o
LOAD ./Startup/startup_stm32f407vgtx.o
LOAD ./drivers/Src/stm32f407xx_gpio_driver.o
LOAD ./drivers/Src/stm32f407xx_i2c_driver.o
LOAD ./drivers/Src/stm32f407xx_rcc_driver.o
LOAD ./drivers/Src/stm32f407xx_spi_driver.o
LOAD ./drivers/Src/stm32f407xx_usart_driver.o
START GROUP
LOAD C:/ST/STM32CubeIDE_1.15.0/STM32CubeIDE/plugins/com.st.stm32cube.ide.mcu.externaltools.gnu-tools-for-stm32.12.3.rel1.win32_1.0.100.202403111256/tools/bin/../lib/gcc/arm-none-eabi/12.3.1/../../../../arm-none-eabi/lib/thumb/v7e-m/nofp\libc_nano.a
LOAD C:/ST/STM32CubeIDE_1.15.0/STM32CubeIDE/plugins/com.st.stm32cube.ide.mcu.externaltools.gnu-tools-for-stm32.12.3.rel1.win32_1.0.100.202403111256/tools/bin/../lib/gcc/arm-none-eabi/12.3.1/../../../../arm-none-eabi/lib/thumb/v7e-m/nofp\libm.a
END GROUP
START GROUP
LOAD C:/ST/STM32CubeIDE_1.15.0/STM32CubeIDE/plugins/com.st.stm32cube.ide.mcu.externaltools.gnu-tools-for-stm32.12.3.rel1.win32_1.0.100.202403111256/tools/bin/../lib/gcc/arm-none-eabi/12.3.1/thumb/v7e-m/nofp\libgcc.a
LOAD C:/ST/STM32CubeIDE_1.15.0/STM32CubeIDE/plugins/com.st.stm32cube.ide.mcu.externaltools.gnu-tools-for-stm32.12.3.rel1.win32_1.0.100.202403111256/tools/bin/../lib/gcc/arm-none-eabi/12.3.1/../../../../arm-none-eabi/lib/thumb/v7e-m/nofp\libc_nano.a
END GROUP
START GROUP
LOAD C:/ST/STM32CubeIDE_1.15.0/STM32CubeIDE/plugins/com.st.stm32cube.ide.mcu.externaltools.gnu-tools-for-stm32.12.3.rel1.win32_1.0.100.202403111256/tools/bin/../lib/gcc/arm-none-eabi/12.3.1/thumb/v7e-m/nofp\libgcc.a
LOAD C:/ST/STM32CubeIDE_1.15.0/STM32CubeIDE/plugins/com.st.stm32cube.ide.mcu.externaltools.gnu-tools-for-stm32.12.3.rel1.win32_1.0.100.202403111256/tools/bin/../lib/gcc/arm-none-eabi/12.3.1/../../../../arm-none-eabi/lib/thumb/v7e-m/nofp\libc_nano.a
LOAD C:/ST/STM32CubeIDE_1.15.0/STM32CubeIDE/plugins/com.st.stm32cube.ide.mcu.externaltools.gnu-tools-for-stm32.12.3.rel1.win32_1.0.100.202403111256/tools/bin/../lib/gcc/arm-none-eabi/12.3.1/../../../../arm-none-eabi/lib/thumb/v7e-m/nofp\libnosys.a
END GROUP
START GROUP
LOAD C:/ST/STM32CubeIDE_1.15.0/STM32CubeIDE/plugins/com.st.stm32cube.ide.mcu.externaltools.gnu-tools-for-stm32.12.3.rel1.win32_1.0.100.202403111256/tools/bin/../lib/gcc/arm-none-eabi/12.3.1/thumb/v7e-m/nofp\libgcc.a
LOAD C:/ST/STM32CubeIDE_1.15.0/STM32CubeIDE/plugins/com.st.stm32cube.ide.mcu.externaltools.gnu-tools-for-stm32.12.3.rel1.win32_1.0.100.202403111256/tools/bin/../lib/gcc/arm-none-eabi/12.3.1/../../../../arm-none-eabi/lib/thumb/v7e-m/nofp\libc_nano.a
LOAD C:/ST/STM32CubeIDE_1.15.0/STM32CubeIDE/plugins/com.st.stm32cube.ide.mcu.externaltools.gnu-tools-for-stm32.12.3.rel1.win32_1.0.100.202403111256/tools/bin/../lib/gcc/arm-none-eabi/12.3.1/../../../../arm-none-eabi/lib/thumb/v7e-m/nofp\libnosys.a
END GROUP
LOAD C:/ST/STM32CubeIDE_1.15.0/STM32CubeIDE/plugins/com.st.stm32cube.ide.mcu.externaltools.gnu-tools-for-stm32.12.3.rel1.win32_1.0.100.202403111256/tools/bin/../lib/gcc/arm-none-eabi/12.3.1/thumb/v7e-m/nofp/crtend.o
LOAD C:/ST/STM32CubeIDE_1.15.0/STM32CubeIDE/plugins/com.st.stm32cube.ide.mcu.externaltools.gnu-tools-for-stm32.12.3.rel1.win32_1.0.100.202403111256/tools/bin/../lib/gcc/arm-none-eabi/12.3.1/thumb/v7e-m/nofp/crtn.o
                0x20020000                        _estack = (ORIGIN (RAM) + LENGTH (RAM))
                0x00000200                        _Min_Heap_Size = 0x200
                0x00000400                        _Min_Stack_Size = 0x400

.isr_vector     0x08000000      0x188
                0x08000000                        . = ALIGN (0x4)
 *(.isr_vector)
 .isr_vector    0x08000000      0x188 ./Startup/startup_stm32f407vgtx.o
                0x08000000                g_pfnVectors
                0x08000188                        . = ALIGN (0x4)

.text           0x08000188     0x11f4
                0x08000188                        . = ALIGN (0x4)
 *(.text)
 .text          0x08000188       0x40 C:/ST/STM32CubeIDE_1.15.0/STM32CubeIDE/plugins/com.st.stm32cube.ide.mcu.externaltools.gnu-tools-for-stm32.12.3.rel1.win32_1.0.100.202403111256/tools/bin/../lib/gcc/arm-none-eabi/12.3.1/thumb/v7e-m/nofp/crtbegin.o
 .text          0x080001c8       0x10 C:/ST/STM32CubeIDE_1.15.0/STM32CubeIDE/plugins/com.st.stm32cube.ide.mcu.externaltools.gnu-tools-for-stm32.12.3.rel1.win32_1.0.100.202403111256/tools/bin/../lib/gcc/arm-none-eabi/12.3.1/../../../../arm-none-eabi/lib/thumb/v7e-m/nofp\libc_nano.a(libc_a-strlen.o)
                0x080001c8                strlen
 *(.text*)
 .text.USART2_Init
                0x080001d8       0x44 ./Src/016uart_case.o
                0x080001d8                USART2_Init
 .text.USART2_GPIOInit
                0x0800021c       0x4c ./Src/016uart_case.o
                0x0800021c                USART2_GPIOInit
 .text.delay    0x08000268       0x2c ./Src/016uart_case.o
                0x08000268                delay
 .text.main     0x08000294       0xdc ./Src/016uart_case.o
                0x08000294                main
 .text.USART2_IRQHandler
                0x08000370       0x14 ./Src/016uart_case.o
                0x08000370                USART2_IRQHandler
 .text.USART_ApplicationEventCallback
                0x08000384       0x28 ./Src/016uart_case.o
                0x08000384                USART_ApplicationEventCallback
 .text.Reset_Handler
                0x080003ac       0x50 ./Startup/startup_stm32f407vgtx.o
                0x080003ac                Reset_Handler
 .text.Default_Handler
                0x080003fc        0x2 ./Startup/startup_stm32f407vgtx.o
                0x080003fc                RTC_Alarm_IRQHandler
                0x080003fc                HASH_RNG_IRQHandler
                0x080003fc                EXTI2_IRQHandler
                0x080003fc                TIM8_CC_IRQHandler
                0x080003fc                DebugMon_Handler
                0x080003fc                TIM1_CC_IRQHandler
                0x080003fc                DMA2_Stream5_IRQHandler
                0x080003fc                HardFault_Handler
                0x080003fc                DMA1_Stream5_IRQHandler
                0x080003fc                SysTick_Handler
                0x080003fc                PVD_IRQHandler
                0x080003fc                SDIO_IRQHandler
                0x080003fc                TAMP_STAMP_IRQHandler
                0x080003fc                PendSV_Handler
                0x080003fc                NMI_Handler
                0x080003fc                CAN2_RX1_IRQHandler
                0x080003fc                EXTI3_IRQHandler
                0x080003fc                TIM8_TRG_COM_TIM14_IRQHandler
                0x080003fc                TIM1_UP_TIM10_IRQHandler
                0x080003fc                TIM8_UP_TIM13_IRQHandler
                0x080003fc                I2C3_ER_IRQHandler
                0x080003fc                EXTI0_IRQHandler
                0x080003fc                I2C2_EV_IRQHandler
                0x080003fc                DMA1_Stream2_IRQHandler
                0x080003fc                CAN1_RX0_IRQHandler
                0x080003fc                FPU_IRQHandler
                0x080003fc                OTG_HS_WKUP_IRQHandler
                0x080003fc                UsageFault_Handler
                0x080003fc                CAN2_SCE_IRQHandler
                0x080003fc                DMA2_Stream2_IRQHandler
                0x080003fc                SPI1_IRQHandler
                0x080003fc                TIM6_DAC_IRQHandler
                0x080003fc                TIM1_BRK_TIM9_IRQHandler
                0x080003fc                DCMI_IRQHandler
                0x080003fc                CAN2_RX0_IRQHandler
                0x080003fc                DMA2_Stream3_IRQHandler
                0x080003fc                USART6_IRQHandler
                0x080003fc                USART3_IRQHandler
                0x080003fc                CRYP_IRQHandler
                0x080003fc                CAN1_RX1_IRQHandler
                0x080003fc                UART5_IRQHandler
                0x080003fc                DMA2_Stream0_IRQHandler
                0x080003fc                TIM4_IRQHandler
                0x080003fc                I2C1_EV_IRQHandler
                0x080003fc                DMA1_Stream6_IRQHandler
                0x080003fc                DMA1_Stream1_IRQHandler
                0x080003fc                UART4_IRQHandler
                0x080003fc                TIM3_IRQHandler
                0x080003fc                RCC_IRQHandler
                0x080003fc                TIM8_BRK_TIM12_IRQHandler
                0x080003fc                Default_Handler
                0x080003fc                EXTI15_10_IRQHandler
                0x080003fc                ADC_IRQHandler
                0x080003fc                DMA1_Stream7_IRQHandler
                0x080003fc                TIM7_IRQHandler
                0x080003fc                CAN2_TX_IRQHandler
                0x080003fc                TIM5_IRQHandler
                0x080003fc                DMA2_Stream7_IRQHandler
                0x080003fc                I2C3_EV_IRQHandler
                0x080003fc                EXTI9_5_IRQHandler
                0x080003fc                RTC_WKUP_IRQHandler
                0x080003fc                ETH_WKUP_IRQHandler
                0x080003fc                SPI2_IRQHandler
                0x080003fc                OTG_HS_EP1_IN_IRQHandler
                0x080003fc                MemManage_Handler
                0x080003fc                DMA1_Stream0_IRQHandler
                0x080003fc                CAN1_TX_IRQHandler
                0x080003fc                SVC_Handler
                0x080003fc                EXTI4_IRQHandler
                0x080003fc                FSMC_IRQHandler
                0x080003fc                ETH_IRQHandler
                0x080003fc                OTG_HS_EP1_OUT_IRQHandler
                0x080003fc                WWDG_IRQHandler
                0x080003fc                TIM2_IRQHandler
                0x080003fc                OTG_FS_WKUP_IRQHandler
                0x080003fc                TIM1_TRG_COM_TIM11_IRQHandler
                0x080003fc                OTG_HS_IRQHandler
                0x080003fc                EXTI1_IRQHandler
                0x080003fc                I2C2_ER_IRQHandler
                0x080003fc                DMA2_Stream1_IRQHandler
                0x080003fc                CAN1_SCE_IRQHandler
                0x080003fc                DMA2_Stream4_IRQHandler
                0x080003fc                BusFault_Handler
                0x080003fc                USART1_IRQHandler
                0x080003fc                OTG_FS_IRQHandler
                0x080003fc                SPI3_IRQHandler
                0x080003fc                DMA1_Stream4_IRQHandler
                0x080003fc                I2C1_ER_IRQHandler
                0x080003fc                DMA2_Stream6_IRQHandler
                0x080003fc                DMA1_Stream3_IRQHandler
 *fill*         0x080003fe        0x2 
 .text.GPIO_PeriClockControl
                0x08000400      0x1d0 ./drivers/Src/stm32f407xx_gpio_driver.o
                0x08000400                GPIO_PeriClockControl
 .text.GPIO_Init
                0x080005d0      0x330 ./drivers/Src/stm32f407xx_gpio_driver.o
                0x080005d0                GPIO_Init
 .text.GPIO_ReadFromInputPin
                0x08000900       0x2e ./drivers/Src/stm32f407xx_gpio_driver.o
                0x08000900                GPIO_ReadFromInputPin
 *fill*         0x0800092e        0x2 
 .text.RCC_GetPCLK1Value
                0x08000930       0xc0 ./drivers/Src/stm32f407xx_rcc_driver.o
                0x08000930                RCC_GetPCLK1Value
 .text.RCC_GetPCLK2Value
                0x080009f0       0xb8 ./drivers/Src/stm32f407xx_rcc_driver.o
                0x080009f0                RCC_GetPCLK2Value
 .text.USART_SetBaudRate
                0x08000aa8       0xf4 ./drivers/Src/stm32f407xx_usart_driver.o
                0x08000aa8                USART_SetBaudRate
 .text.USART_Init
                0x08000b9c      0x102 ./drivers/Src/stm32f407xx_usart_driver.o
                0x08000b9c                USART_Init
 *fill*         0x08000c9e        0x2 
 .text.USART_PeriClockControl
                0x08000ca0       0xe0 ./drivers/Src/stm32f407xx_usart_driver.o
                0x08000ca0                USART_PeriClockControl
 .text.USART_PeripheralControl
                0x08000d80       0x36 ./drivers/Src/stm32f407xx_usart_driver.o
                0x08000d80                USART_PeripheralControl
 .text.USART_GetFlagStatus
                0x08000db6       0x32 ./drivers/Src/stm32f407xx_usart_driver.o
                0x08000db6                USART_GetFlagStatus
 .text.USART_SendData
                0x08000de8       0x9c ./drivers/Src/stm32f407xx_usart_driver.o
                0x08000de8                USART_SendData
 .text.USART_ReceiveDataIT
                0x08000e84       0x50 ./drivers/Src/stm32f407xx_usart_driver.o
                0x08000e84                USART_ReceiveDataIT
 .text.USART_IRQInterruptConfig
                0x08000ed4      0x108 ./drivers/Src/stm32f407xx_usart_driver.o
                0x08000ed4                USART_IRQInterruptConfig
 .text.USART_IRQHandling
                0x08000fdc      0x340 ./drivers/Src/stm32f407xx_usart_driver.o
                0x08000fdc                USART_IRQHandling
 .text.__libc_init_array
                0x0800131c       0x48 C:/ST/STM32CubeIDE_1.15.0/STM32CubeIDE/plugins/com.st.stm32cube.ide.mcu.externaltools.gnu-tools-for-stm32.12.3.rel1.win32_1.0.100.202403111256/tools/bin/../lib/gcc/arm-none-eabi/12.3.1/../../../../arm-none-eabi/lib/thumb/v7e-m/nofp\libc_nano.a(libc_a-init.o)
                0x0800131c                __libc_init_array
 *(.glue_7)
 .glue_7        0x08001364        0x0 linker stubs
 *(.glue_7t)
 .glue_7t       0x08001364        0x0 linker stubs
 *(.eh_frame)
 .eh_frame      0x08001364        0x0 C:/ST/STM32CubeIDE_1.15.0/STM32CubeIDE/plugins/com.st.stm32cube.ide.mcu.externaltools.gnu-tools-for-stm32.12.3.rel1.win32_1.0.100.202403111256/tools/bin/../lib/gcc/arm-none-eabi/12.3.1/thumb/v7e-m/nofp/crtbegin.o
 *(.init)
 .init          0x08001364        0x4 C:/ST/STM32CubeIDE_1.15.0/STM32CubeIDE/plugins/com.st.stm32cube.ide.mcu.externaltools.gnu-tools-for-stm32.12.3.rel1.win32_1.0.100.202403111256/tools/bin/../lib/gcc/arm-none-eabi/12.3.1/thumb/v7e-m/nofp/crti.o
                0x08001364                _init
 .init          0x08001368        0x8 C:/ST/STM32CubeIDE_1.15.0/STM32CubeIDE/plugins/com.st.stm32cube.ide.mcu.externaltools.gnu-tools-for-stm32.12.3.rel1.win32_1.0.100.202403111256/tools/bin/../lib/gcc/arm-none-eabi/12.3.1/thumb/v7e-m/nofp/crtn.o
 *(.fini)
 .fini          0x08001370        0x4 C:/ST/STM32CubeIDE_1.15.0/STM32CubeIDE/plugins/com.st.stm32cube.ide.mcu.externaltools.gnu-tools-for-stm32.12.3.rel1.win32_1.0.100.202403111256/tools/bin/../lib/gcc/arm-none-eabi/12.3.1/thumb/v7e-m/nofp/crti.o
                0x08001370                _fini
 .fini          0x08001374        0x8 C:/ST/STM32CubeIDE_1.15.0/STM32CubeIDE/plugins/com.st.stm32cube.ide.mcu.externaltools.gnu-tools-for-stm32.12.3.rel1.win32_1.0.100.202403111256/tools/bin/../lib/gcc/arm-none-eabi/12.3.1/thumb/v7e-m/nofp/crtn.o
                0x0800137c                        . = ALIGN (0x4)
                0x0800137c                        _etext = .

.vfp11_veneer   0x0800137c        0x0
 .vfp11_veneer  0x0800137c        0x0 linker stubs

.v4_bx          0x0800137c        0x0
 .v4_bx         0x0800137c        0x0 linker stubs

.iplt           0x0800137c        0x0
 .iplt          0x0800137c        0x0 C:/ST/STM32CubeIDE_1.15.0/STM32CubeIDE/plugins/com.st.stm32cube.ide.mcu.externaltools.gnu-tools-for-stm32.12.3.rel1.win32_1.0.100.202403111256/tools/bin/../lib/gcc/arm-none-eabi/12.3.1/thumb/v7e-m/nofp/crtbegin.o

.rodata         0x0800137c       0x38
                0x0800137c                        . = ALIGN (0x4)
 *(.rodata)
 .rodata        0x0800137c       0x36 ./Src/016uart_case.o
 *(.rodata*)
                0x080013b4                        . = ALIGN (0x4)
 *fill*         0x080013b2        0x2 

.ARM.extab      0x080013b4        0x0
                0x080013b4                        . = ALIGN (0x4)
 *(.ARM.extab* .gnu.linkonce.armextab.*)
                0x080013b4                        . = ALIGN (0x4)

.ARM            0x080013b4        0x8
                0x080013b4                        . = ALIGN (0x4)
                0x080013b4                        __exidx_start = .
 *(.ARM.exidx*)
 .ARM.exidx     0x080013b4        0x8 C:/ST/STM32CubeIDE_1.15.0/STM32CubeIDE/plugins/com.st.stm32cube.ide.mcu.externaltools.gnu-tools-for-stm32.12.3.rel1.win32_1.0.100.202403111256/tools/bin/../lib/gcc/arm-none-eabi/12.3.1/../../../../arm-none-eabi/lib/thumb/v7e-m/nofp\libc_nano.a(libc_a-strlen.o)
                0x080013bc                        __exidx_end = .
                0x080013bc                        . = ALIGN (0x4)

.preinit_array  0x080013bc        0x0
                0x080013bc                        . = ALIGN (0x4)
                0x080013bc                        PROVIDE (__preinit_array_start = .)
 *(.preinit_array*)
                0x080013bc                        PROVIDE (__preinit_array_end = .)
                0x080013bc                        . = ALIGN (0x4)

.init_array     0x080013bc        0x4
                0x080013bc                        . = ALIGN (0x4)
                0x080013bc                        PROVIDE (__init_array_start = .)
 *(SORT_BY_NAME(.init_array.*))
 *(.init_array*)
 .init_array    0x080013bc        0x4 C:/ST/STM32CubeIDE_1.15.0/STM32CubeIDE/plugins/com.st.stm32cube.ide.mcu.externaltools.gnu-tools-for-stm32.12.3.rel1.win32_1.0.100.202403111256/tools/bin/../lib/gcc/arm-none-eabi/12.3.1/thumb/v7e-m/nofp/crtbegin.o
                0x080013c0                        PROVIDE (__init_array_end = .)
                0x080013c0                        . = ALIGN (0x4)

.fini_array     0x080013c0        0x4
                0x080013c0                        . = ALIGN (0x4)
                [!provide]                        PROVIDE (__fini_array_start = .)
 *(SORT_BY_NAME(.fini_array.*))
 *(.fini_array*)
 .fini_array    0x080013c0        0x4 C:/ST/STM32CubeIDE_1.15.0/STM32CubeIDE/plugins/com.st.stm32cube.ide.mcu.externaltools.gnu-tools-for-stm32.12.3.rel1.win32_1.0.100.202403111256/tools/bin/../lib/gcc/arm-none-eabi/12.3.1/thumb/v7e-m/nofp/crtbegin.o
                [!provide]                        PROVIDE (__fini_array_end = .)
                0x080013c4                        . = ALIGN (0x4)
                0x080013c4                        _sidata = LOADADDR (.data)

.rel.dyn        0x080013c4        0x0
 .rel.iplt      0x080013c4        0x0 C:/ST/STM32CubeIDE_1.15.0/STM32CubeIDE/plugins/com.st.stm32cube.ide.mcu.externaltools.gnu-tools-for-stm32.12.3.rel1.win32_1.0.100.202403111256/tools/bin/../lib/gcc/arm-none-eabi/12.3.1/thumb/v7e-m/nofp/crtbegin.o

.data           0x20000000       0x24 load address 0x080013c4
                0x20000000                        . = ALIGN (0x4)
                0x20000000                        _sdata = .
 *(.data)
 *(.data*)
 .data.msg      0x20000000        0xc ./Src/016uart_case.o
                0x20000000                msg
 .data.AHB_Prescaler
                0x2000000c       0x10 ./drivers/Src/stm32f407xx_rcc_driver.o
                0x2000000c                AHB_Prescaler
 .data.APB1_Prescaler
                0x2000001c        0x8 ./drivers/Src/stm32f407xx_rcc_driver.o
                0x2000001c                APB1_Prescaler
 *(.RamFunc)
 *(.RamFunc*)
                0x20000024                        . = ALIGN (0x4)
                0x20000024                        _edata = .
                0x080013e8                        _siccmram = LOADADDR (.ccmram)

.igot.plt       0x20000024        0x0 load address 0x080013e8
 .igot.plt      0x20000024        0x0 C:/ST/STM32CubeIDE_1.15.0/STM32CubeIDE/plugins/com.st.stm32cube.ide.mcu.externaltools.gnu-tools-for-stm32.12.3.rel1.win32_1.0.100.202403111256/tools/bin/../lib/gcc/arm-none-eabi/12.3.1/thumb/v7e-m/nofp/crtbegin.o

.ccmram         0x10000000        0x0 load address 0x080013e8
                0x10000000                        . = ALIGN (0x4)
                0x10000000                        _sccmram = .
 *(.ccmram)
 *(.ccmram*)
                0x10000000                        . = ALIGN (0x4)
                0x10000000                        _eccmram = .
                0x10000000                        . = ALIGN (0x4)

.bss            0x20000024      0x444
                0x20000024                        _sbss = .
                0x20000024                        __bss_start__ = _sbss
 *(.bss)
 .bss           0x20000024       0x1c C:/ST/STM32CubeIDE_1.15.0/STM32CubeIDE/plugins/com.st.stm32cube.ide.mcu.externaltools.gnu-tools-for-stm32.12.3.rel1.win32_1.0.100.202403111256/tools/bin/../lib/gcc/arm-none-eabi/12.3.1/thumb/v7e-m/nofp/crtbegin.o
 *(.bss*)
 .bss.rx_buf    0x20000040      0x400 ./Src/016uart_case.o
                0x20000040                rx_buf
 .bss.usart2_handle
                0x20000440       0x24 ./Src/016uart_case.o
                0x20000440                usart2_handle
 .bss.rxCmplt   0x20000464        0x1 ./Src/016uart_case.o
                0x20000464                rxCmplt
 *(COMMON)
                0x20000468                        . = ALIGN (0x4)
 *fill*         0x20000465        0x3 
                0x20000468                        _ebss = .
                0x20000468                        __bss_end__ = _ebss

._user_heap_stack
                0x20000468      0x600
                0x20000468                        . = ALIGN (0x8)
                [!provide]                        PROVIDE (end = .)
                0x20000468                        PROVIDE (_end = .)
                0x20000668                        . = (. + _Min_Heap_Size)
 *fill*         0x20000468      0x200 
                0x20000a68                        . = (. + _Min_Stack_Size)
 *fill*         0x20000668      0x400 
                0x20000a68                        . = ALIGN (0x8)

/DISCARD/
 libc.a(*)
 libm.a(*)
 libgcc.a(*)

.ARM.attributes
                0x00000000       0x2a
 *(.ARM.attributes)
 .ARM.attributes
                0x00000000       0x1e C:/ST/STM32CubeIDE_1.15.0/STM32CubeIDE/plugins/com.st.stm32cube.ide.mcu.externaltools.gnu-tools-for-stm32.12.3.rel1.win32_1.0.100.202403111256/tools/bin/../lib/gcc/arm-none-eabi/12.3.1/thumb/v7e-m/nofp/crti.o
 .ARM.attributes
                0x0000001e       0x2e C:/ST/STM32CubeIDE_1.15.0/STM32CubeIDE/plugins/com.st.stm32cube.ide.mcu.externaltools.gnu-tools-for-stm32.12.3.rel1.win32_1.0.100.202403111256/tools/bin/../lib/gcc/arm-none-eabi/12.3.1/thumb/v7e-m/nofp/crtbegin.o
 .ARM.attributes
                0x0000004c       0x2e ./Src/016uart_case.o
 .ARM.attributes
                0x0000007a       0x21 ./Startup/startup_stm32f407vgtx.o
 .ARM.attributes
                0x0000009b       0x2e ./drivers/Src/stm32f407xx_gpio_driver.o
 .ARM.attributes
                0x000000c9       0x2e ./drivers/Src/stm32f407xx_rcc_driver.o
 .ARM.attributes
                0x000000f7       0x2e ./drivers/Src/stm32f407xx_usart_driver.o
 .ARM.attributes
                0x00000125       0x2e C:/ST/STM32CubeIDE_1.15.0/STM32CubeIDE/plugins/com.st.stm32cube.ide.mcu.externaltools.gnu-tools-for-stm32.12.3.rel1.win32_1.0.100.202403111256/tools/bin/../lib/gcc/arm-none-eabi/12.3.1/../../../../arm-none-eabi/lib/thumb/v7e-m/nofp\libc_nano.a(libc_a-init.o)
 .ARM.attributes
                0x00000153       0x17 C:/ST/STM32CubeIDE_1.15.0/STM32CubeIDE/plugins/com.st.stm32cube.ide.mcu.externaltools.gnu-tools-for-stm32.12.3.rel1.win32_1.0.100.202403111256/tools/bin/../lib/gcc/arm-none-eabi/12.3.1/../../../../arm-none-eabi/lib/thumb/v7e-m/nofp\libc_nano.a(libc_a-strlen.o)
 .ARM.attributes
                0x0000016a       0x1e C:/ST/STM32CubeIDE_1.15.0/STM32CubeIDE/plugins/com.st.stm32cube.ide.mcu.externaltools.gnu-tools-for-stm32.12.3.rel1.win32_1.0.100.202403111256/tools/bin/../lib/gcc/arm-none-eabi/12.3.1/thumb/v7e-m/nofp/crtn.o
OUTPUT(stm32f4xx_drivers.elf elf32-littlearm)
LOAD linker stubs
LOAD C:/ST/STM32CubeIDE_1.15.0/STM32CubeIDE/plugins/com.st.stm32cube.ide.mcu.externaltools.gnu-tools-for-stm32.12.3.rel1.win32_1.0.100.202403111256/tools/bin/../lib/gcc/arm-none-eabi/12.3.1/../../../../arm-none-eabi/lib/thumb/v7e-m/nofp\libc.a
LOAD C:/ST/STM32CubeIDE_1.15.0/STM32CubeIDE/plugins/com.st.stm32cube.ide.mcu.externaltools.gnu-tools-for-stm32.12.3.rel1.win32_1.0.100.202403111256/tools/bin/../lib/gcc/arm-none-eabi/12.3.1/../../../../arm-none-eabi/lib/thumb/v7e-m/nofp\libm.a
LOAD C:/ST/STM32CubeIDE_1.15.0/STM32CubeIDE/plugins/com.st.stm32cube.ide.mcu.externaltools.gnu-tools-for-stm32.12.3.rel1.win32_1.0.100.202403111256/tools/bin/../lib/gcc/arm-none-eabi/12.3.1/thumb/v7e-m/nofp\libgcc.a

.debug_info     0x00000000     0x18cd
 .debug_info    0x00000000      0x55f ./Src/016uart_case.o
 .debug_info    0x0000055f       0x30 ./Startup/startup_stm32f407vgtx.o
 .debug_info    0x0000058f      0x776 ./drivers/Src/stm32f407xx_gpio_driver.o
 .debug_info    0x00000d05      0x3b0 ./drivers/Src/stm32f407xx_rcc_driver.o
 .debug_info    0x000010b5      0x818 ./drivers/Src/stm32f407xx_usart_driver.o

.debug_abbrev   0x00000000      0x623
 .debug_abbrev  0x00000000      0x1ac ./Src/016uart_case.o
 .debug_abbrev  0x000001ac       0x24 ./Startup/startup_stm32f407vgtx.o
 .debug_abbrev  0x000001d0      0x179 ./drivers/Src/stm32f407xx_gpio_driver.o
 .debug_abbrev  0x00000349      0x113 ./drivers/Src/stm32f407xx_rcc_driver.o
 .debug_abbrev  0x0000045c      0x1c7 ./drivers/Src/stm32f407xx_usart_driver.o

.debug_aranges  0x00000000      0x198
 .debug_aranges
                0x00000000       0x48 ./Src/016uart_case.o
 .debug_aranges
                0x00000048       0x28 ./Startup/startup_stm32f407vgtx.o
 .debug_aranges
                0x00000070       0x70 ./drivers/Src/stm32f407xx_gpio_driver.o
 .debug_aranges
                0x000000e0       0x30 ./drivers/Src/stm32f407xx_rcc_driver.o
 .debug_aranges
                0x00000110       0x88 ./drivers/Src/stm32f407xx_usart_driver.o

.debug_rnglists
                0x00000000      0x127
 .debug_rnglists
                0x00000000       0x32 ./Src/016uart_case.o
 .debug_rnglists
                0x00000032       0x19 ./Startup/startup_stm32f407vgtx.o
 .debug_rnglists
                0x0000004b       0x53 ./drivers/Src/stm32f407xx_gpio_driver.o
 .debug_rnglists
                0x0000009e       0x21 ./drivers/Src/stm32f407xx_rcc_driver.o
 .debug_rnglists
                0x000000bf       0x68 ./drivers/Src/stm32f407xx_usart_driver.o

.debug_macro    0x00000000     0x28e2
 .debug_macro   0x00000000      0x199 ./Src/016uart_case.o
 .debug_macro   0x00000199      0xab4 ./Src/016uart_case.o
 .debug_macro   0x00000c4d       0x22 ./Src/016uart_case.o
 .debug_macro   0x00000c6f       0x5b ./Src/016uart_case.o
 .debug_macro   0x00000cca       0x24 ./Src/016uart_case.o
 .debug_macro   0x00000cee       0x94 ./Src/016uart_case.o
 .debug_macro   0x00000d82       0x43 ./Src/016uart_case.o
 .debug_macro   0x00000dc5       0x34 ./Src/016uart_case.o
 .debug_macro   0x00000df9       0x16 ./Src/016uart_case.o
 .debug_macro   0x00000e0f       0x57 ./Src/016uart_case.o
 .debug_macro   0x00000e66       0x9e ./Src/016uart_case.o
 .debug_macro   0x00000f04      0x369 ./Src/016uart_case.o
 .debug_macro   0x0000126d      0x10b ./Src/016uart_case.o
 .debug_macro   0x00001378       0x10 ./Src/016uart_case.o
 .debug_macro   0x00001388       0x16 ./Src/016uart_case.o
 .debug_macro   0x0000139e       0x43 ./Src/016uart_case.o
 .debug_macro   0x000013e1       0x34 ./Src/016uart_case.o
 .debug_macro   0x00001415       0x10 ./Src/016uart_case.o
 .debug_macro   0x00001425       0x58 ./Src/016uart_case.o
 .debug_macro   0x0000147d       0x8e ./Src/016uart_case.o
 .debug_macro   0x0000150b       0x1c ./Src/016uart_case.o
 .debug_macro   0x00001527      0x177 ./Src/016uart_case.o
 .debug_macro   0x0000169e       0x16 ./Src/016uart_case.o
 .debug_macro   0x000016b4       0x16 ./Src/016uart_case.o
 .debug_macro   0x000016ca      0x146 ./Src/016uart_case.o
 .debug_macro   0x00001810       0x16 ./Src/016uart_case.o
 .debug_macro   0x00001826       0x35 ./Src/016uart_case.o
 .debug_macro   0x0000185b       0x20 ./Src/016uart_case.o
 .debug_macro   0x0000187b      0x103 ./Src/016uart_case.o
 .debug_macro   0x0000197e       0x6a ./Src/016uart_case.o
 .debug_macro   0x000019e8      0x1df ./Src/016uart_case.o
 .debug_macro   0x00001bc7      0x7cf ./Src/016uart_case.o
 .debug_macro   0x00002396       0xc4 ./Src/016uart_case.o
 .debug_macro   0x0000245a      0x106 ./Src/016uart_case.o
 .debug_macro   0x00002560       0x8a ./drivers/Src/stm32f407xx_gpio_driver.o
 .debug_macro   0x000025ea       0x8e ./drivers/Src/stm32f407xx_gpio_driver.o
 .debug_macro   0x00002678       0x51 ./drivers/Src/stm32f407xx_gpio_driver.o
 .debug_macro   0x000026c9       0x85 ./drivers/Src/stm32f407xx_rcc_driver.o
 .debug_macro   0x0000274e       0x94 ./drivers/Src/stm32f407xx_usart_driver.o
 .debug_macro   0x000027e2      0x100 ./drivers/Src/stm32f407xx_usart_driver.o

.debug_line     0x00000000     0x2363
 .debug_line    0x00000000      0x768 ./Src/016uart_case.o
 .debug_line    0x00000768       0x7b ./Startup/startup_stm32f407vgtx.o
 .debug_line    0x000007e3      0xa82 ./drivers/Src/stm32f407xx_gpio_driver.o
 .debug_line    0x00001265      0x5a1 ./drivers/Src/stm32f407xx_rcc_driver.o
 .debug_line    0x00001806      0xb5d ./drivers/Src/stm32f407xx_usart_driver.o

.debug_str      0x00000000     0xacef
 .debug_str     0x00000000     0xa81e ./Src/016uart_case.o
                               0xaa25 (size before relaxing)
 .debug_str     0x0000a81e       0x3f ./Startup/startup_stm32f407vgtx.o
                                 0x8c (size before relaxing)
 .debug_str     0x0000a85d      0x2b0 ./drivers/Src/stm32f407xx_gpio_driver.o
                               0x6ef7 (size before relaxing)
 .debug_str     0x0000ab0d       0xe0 ./drivers/Src/stm32f407xx_rcc_driver.o
                               0x6abb (size before relaxing)
 .debug_str     0x0000abed      0x102 ./drivers/Src/stm32f407xx_usart_driver.o
                               0x715c (size before relaxing)

.comment        0x00000000       0x43
 .comment       0x00000000       0x43 ./Src/016uart_case.o
                                 0x44 (size before relaxing)
 .comment       0x00000043       0x44 ./drivers/Src/stm32f407xx_gpio_driver.o
 .comment       0x00000043       0x44 ./drivers/Src/stm32f407xx_rcc_driver.o
 .comment       0x00000043       0x44 ./drivers/Src/stm32f407xx_usart_driver.o

.debug_frame    0x00000000      0x580
 .debug_frame   0x00000000       0xdc ./Src/016uart_case.o
 .debug_frame   0x000000dc      0x1c8 ./drivers/Src/stm32f407xx_gpio_driver.o
 .debug_frame   0x000002a4       0x80 ./drivers/Src/stm32f407xx_rcc_driver.o
 .debug_frame   0x00000324      0x230 ./drivers/Src/stm32f407xx_usart_driver.o
 .debug_frame   0x00000554       0x2c C:/ST/STM32CubeIDE_1.15.0/STM32CubeIDE/plugins/com.st.stm32cube.ide.mcu.externaltools.gnu-tools-for-stm32.12.3.rel1.win32_1.0.100.202403111256/tools/bin/../lib/gcc/arm-none-eabi/12.3.1/../../../../arm-none-eabi/lib/thumb/v7e-m/nofp\libc_nano.a(libc_a-init.o)

.debug_line_str
                0x00000000       0x70
 .debug_line_str
                0x00000000       0x70 ./Startup/startup_stm32f407vgtx.o
